{
  "details": {
    "best_of_sequences": null,
    "finish_reason": "length",
    "generated_tokens": 10,
    "prefill": [
      {
        "id": 1,
        "logprob": null,
        "text": "<s>"
      },
      {
        "id": 3735,
        "logprob": -9.6796875,
        "text": "Test"
      },
      {
        "id": 2159,
        "logprob": -13.3359375,
        "text": "request"
      }
    ],
    "seed": 0,
    "tokens": [
      {
        "id": 13,
        "logprob": -0.33666992,
        "special": false,
        "text": "\n"
      },
      {
        "id": 1647,
        "logprob": -1.078125,
        "special": false,
        "text": "========"
      },
      {
        "id": 14203,
        "logprob": -0.15124512,
        "special": false,
        "text": "==="
      },
      {
        "id": 13,
        "logprob": 0.0,
        "special": false,
        "text": "\n"
      },
      {
        "id": 13,
        "logprob": 0.0,
        "special": false,
        "text": "\n"
      },
      {
        "id": 568,
        "logprob": -0.6879883,
        "special": false,
        "text": ".."
      },
      {
        "id": 2696,
        "logprob": -1.1611328,
        "special": false,
        "text": " code"
      },
      {
        "id": 28733,
        "logprob": 0.0,
        "special": false,
        "text": "-"
      },
      {
        "id": 3356,
        "logprob": 0.0,
        "special": false,
        "text": "block"
      },
      {
        "id": 564,
        "logprob": 0.0,
        "special": false,
        "text": "::"
      }
    ],
    "top_tokens": null
  },
  "generated_text": "Test request\n===========\n\n.. code-block::"
}
